// Jest Snapshot v1, https://goo.gl/fbAQLP

exports[`DashBorad should render correctly in "debug" mode 1`] = `
<div>
  DashBoard 
</div>
`;
